[2026-01-27 02:32:34 UTC] INFO     ======================================================================
[2026-01-27 02:32:34 UTC] INFO     ECDO Watch Daily Update Started
[2026-01-27 02:32:34 UTC] INFO     ======================================================================
[2026-01-27 02:32:34 UTC] INFO     Running: C:\Users\Cole\Dropbox\Website\projects\ecdo-watch\scripts\generate_ecdo_watch_data.py
[2026-01-27 02:36:25 UTC] INFO     [2026-01-27T08:32:35.540938+00:00] Generating ECDO Watch data...
[2026-01-27 02:36:25 UTC] INFO       Fetching EOP...
[2026-01-27 02:36:25 UTC] INFO       Fetching Kp history...
[2026-01-27 02:36:25 UTC] INFO       Fetching recent Kp/Dst...
[2026-01-27 02:36:25 UTC] INFO         [OK] kp_data.json
[2026-01-27 02:36:25 UTC] INFO         [OK] Using IERS all-time LOD data
[2026-01-27 02:36:25 UTC] INFO         [OK] lod_data.json (90-day recent view from real IERS data)
[2026-01-27 02:36:25 UTC] INFO         [OK] historical_aa.json
[2026-01-27 02:36:25 UTC] INFO         [OK] historical_pm.json
[2026-01-27 02:36:25 UTC] INFO       Fetching magnetometer data...
[2026-01-27 02:36:25 UTC] INFO         Fetching BOU from 2025-11-28 to 2026-01-27 (USGS)...
[2026-01-27 02:36:25 UTC] INFO           BOU: No data retrieved from any source
[2026-01-27 02:36:25 UTC] INFO         Fetching FRD from 2025-11-28 to 2026-01-27 (USGS)...
[2026-01-27 02:36:25 UTC] INFO           FRD: No data retrieved from any source
[2026-01-27 02:36:25 UTC] INFO         Fetching BRW from 2025-11-28 to 2026-01-27 (USGS)...
[2026-01-27 02:36:25 UTC] INFO           BRW: No data retrieved from any source
[2026-01-27 02:36:25 UTC] INFO         Fetching HON from 2025-11-28 to 2026-01-27 (USGS)...
[2026-01-27 02:36:25 UTC] INFO           HON: No data retrieved from any source
[2026-01-27 02:36:25 UTC] INFO       Generating multi-range datasets...
[2026-01-27 02:36:25 UTC] WARNING  Traceback (most recent call last):
[2026-01-27 02:36:25 UTC] WARNING    File "C:\Users\Cole\Dropbox\Website\projects\ecdo-watch\scripts\generate_ecdo_watch_data.py", line 537, in <module>
[2026-01-27 02:36:25 UTC] WARNING      main()
[2026-01-27 02:36:25 UTC] WARNING      ~~~~^^
[2026-01-27 02:36:25 UTC] WARNING    File "C:\Users\Cole\Dropbox\Website\projects\ecdo-watch\scripts\generate_ecdo_watch_data.py", line 527, in main
[2026-01-27 02:36:25 UTC] WARNING      time_range_data = generate_time_range_datasets(kp_history, eop_all, normalized_mag_data, now, lod_json, mag_json)
[2026-01-27 02:36:25 UTC] WARNING                                                                                                              ^^^^^^^^
[2026-01-27 02:36:25 UTC] WARNING  UnboundLocalError: cannot access local variable 'mag_json' where it is not associated with a value
[2026-01-27 02:36:25 UTC] ERROR    Script exited with code 1
[2026-01-27 02:36:25 UTC] ERROR    Data generation FAILED
