[2026-01-27 02:25:38 UTC] INFO     ======================================================================
[2026-01-27 02:25:38 UTC] INFO     ECDO Watch Daily Update Started
[2026-01-27 02:25:38 UTC] INFO     ======================================================================
[2026-01-27 02:25:38 UTC] INFO     Running: C:\Users\Cole\Dropbox\Website\projects\ecdo-watch\scripts\generate_ecdo_watch_data.py
[2026-01-27 02:31:06 UTC] INFO     [2026-01-27T08:25:39.489674+00:00] Generating ECDO Watch data...
[2026-01-27 02:31:06 UTC] INFO       Fetching EOP...
[2026-01-27 02:31:06 UTC] INFO       Fetching Kp history...
[2026-01-27 02:31:06 UTC] INFO       Fetching recent Kp/Dst...
[2026-01-27 02:31:06 UTC] INFO         [OK] kp_data.json
[2026-01-27 02:31:06 UTC] INFO         [OK] Using IERS all-time LOD data
[2026-01-27 02:31:06 UTC] INFO         [OK] lod_data.json (90-day recent view from real IERS data)
[2026-01-27 02:31:06 UTC] INFO         [OK] historical_aa.json
[2026-01-27 02:31:06 UTC] INFO         [OK] historical_pm.json
[2026-01-27 02:31:06 UTC] INFO       Fetching magnetometer data...
[2026-01-27 02:31:06 UTC] INFO         Fetching BOU from 2025-11-28 to 2026-01-27 (USGS)...
[2026-01-27 02:31:06 UTC] INFO           BOU: 86400 records from USGS
[2026-01-27 02:31:06 UTC] INFO           BOU: Total 61 days of combined data
[2026-01-27 02:31:06 UTC] INFO         Fetching FRD from 2025-11-28 to 2026-01-27 (USGS)...
[2026-01-27 02:31:06 UTC] INFO           FRD: No data retrieved from any source
[2026-01-27 02:31:06 UTC] INFO         Fetching BRW from 2025-11-28 to 2026-01-27 (USGS)...
[2026-01-27 02:31:06 UTC] INFO           BRW: 86400 records from USGS
[2026-01-27 02:31:06 UTC] INFO           BRW: Total 61 days of combined data
[2026-01-27 02:31:06 UTC] INFO         Fetching HON from 2025-11-28 to 2026-01-27 (USGS)...
[2026-01-27 02:31:06 UTC] INFO           HON: 86400 records from USGS
[2026-01-27 02:31:06 UTC] INFO           HON: Total 61 days of combined data
[2026-01-27 02:31:06 UTC] INFO         [OK] mag_data.json
[2026-01-27 02:31:06 UTC] INFO       Generating multi-range datasets...
[2026-01-27 02:31:06 UTC] INFO         [OK] kp_30d.json
[2026-01-27 02:31:06 UTC] INFO         [OK] lod_30d.json
[2026-01-27 02:31:06 UTC] INFO         [OK] mag_30d.json
[2026-01-27 02:31:06 UTC] INFO         [OK] kp_90d.json
[2026-01-27 02:31:06 UTC] INFO         [OK] lod_90d.json
[2026-01-27 02:31:06 UTC] INFO         [OK] mag_90d.json
[2026-01-27 02:31:06 UTC] INFO         [OK] kp_1y.json
[2026-01-27 02:31:06 UTC] INFO         [OK] lod_1y.json
[2026-01-27 02:31:06 UTC] INFO         [OK] mag_1y.json
[2026-01-27 02:31:06 UTC] INFO         [OK] kp_5y.json
[2026-01-27 02:31:06 UTC] INFO         [OK] lod_5y.json
[2026-01-27 02:31:06 UTC] INFO         [OK] mag_5y.json
[2026-01-27 02:31:06 UTC] INFO         [OK] kp_10y.json
[2026-01-27 02:31:06 UTC] INFO         [OK] lod_10y.json
[2026-01-27 02:31:06 UTC] INFO         [OK] mag_10y.json
[2026-01-27 02:31:06 UTC] INFO     [2026-01-27T08:31:06.271212+00:00] Complete!
[2026-01-27 02:31:06 UTC] INFO     Data generation completed successfully
[2026-01-27 02:31:06 UTC] INFO     Validating output files...
[2026-01-27 02:31:06 UTC] INFO     ✓ kp_data.json: 14 data points
[2026-01-27 02:31:06 UTC] INFO     ✓ lod_data.json: 90 data points
[2026-01-27 02:31:06 UTC] ERROR    Invalid format: mag_data.json (missing labels or data)
[2026-01-27 02:31:06 UTC] ERROR    Output validation FAILED
