[2026-01-27 02:37:09 UTC] INFO     ======================================================================
[2026-01-27 02:37:09 UTC] INFO     ECDO Watch Daily Update Started
[2026-01-27 02:37:09 UTC] INFO     ======================================================================
[2026-01-27 02:37:09 UTC] INFO     Running: C:\Users\Cole\Dropbox\Website\projects\ecdo-watch\scripts\generate_ecdo_watch_data.py
[2026-01-27 02:41:01 UTC] INFO     [2026-01-27T08:37:10.939832+00:00] Generating ECDO Watch data...
[2026-01-27 02:41:01 UTC] INFO       Fetching EOP...
[2026-01-27 02:41:01 UTC] INFO       Fetching Kp history...
[2026-01-27 02:41:01 UTC] INFO       Fetching recent Kp/Dst...
[2026-01-27 02:41:01 UTC] INFO         [OK] kp_data.json
[2026-01-27 02:41:01 UTC] INFO         [OK] Using IERS all-time LOD data
[2026-01-27 02:41:01 UTC] INFO         [OK] lod_data.json (90-day recent view from real IERS data)
[2026-01-27 02:41:01 UTC] INFO         [OK] historical_aa.json
[2026-01-27 02:41:01 UTC] INFO         [OK] historical_pm.json
[2026-01-27 02:41:01 UTC] INFO       Fetching magnetometer data...
[2026-01-27 02:41:01 UTC] INFO         Fetching BOU from 2025-11-28 to 2026-01-27 (USGS)...
[2026-01-27 02:41:01 UTC] INFO           BOU: No data retrieved from any source
[2026-01-27 02:41:01 UTC] INFO         Fetching FRD from 2025-11-28 to 2026-01-27 (USGS)...
[2026-01-27 02:41:01 UTC] INFO           FRD: No data retrieved from any source
[2026-01-27 02:41:01 UTC] INFO         Fetching BRW from 2025-11-28 to 2026-01-27 (USGS)...
[2026-01-27 02:41:01 UTC] INFO           BRW: No data retrieved from any source
[2026-01-27 02:41:01 UTC] INFO         Fetching HON from 2025-11-28 to 2026-01-27 (USGS)...
[2026-01-27 02:41:01 UTC] INFO           HON: No data retrieved from any source
[2026-01-27 02:41:01 UTC] INFO         WARNING: No magnetometer data available
[2026-01-27 02:41:01 UTC] INFO       Generating multi-range datasets...
[2026-01-27 02:41:01 UTC] INFO         [OK] kp_30d.json
[2026-01-27 02:41:01 UTC] INFO         [OK] lod_30d.json
[2026-01-27 02:41:01 UTC] INFO         [OK] kp_90d.json
[2026-01-27 02:41:01 UTC] INFO         [OK] lod_90d.json
[2026-01-27 02:41:01 UTC] INFO         [OK] kp_1y.json
[2026-01-27 02:41:01 UTC] INFO         [OK] lod_1y.json
[2026-01-27 02:41:01 UTC] INFO         [OK] kp_5y.json
[2026-01-27 02:41:01 UTC] INFO         [OK] lod_5y.json
[2026-01-27 02:41:01 UTC] INFO         [OK] kp_10y.json
[2026-01-27 02:41:01 UTC] INFO         [OK] lod_10y.json
[2026-01-27 02:41:01 UTC] INFO     [2026-01-27T08:41:01.181401+00:00] Complete!
[2026-01-27 02:41:01 UTC] INFO     Data generation completed successfully
[2026-01-27 02:41:01 UTC] INFO     Validating output files...
[2026-01-27 02:41:01 UTC] INFO     [OK] kp_data.json: 14 data points
[2026-01-27 02:41:01 UTC] INFO     [OK] lod_data.json: 90 data points
[2026-01-27 02:41:01 UTC] INFO     [OK] mag_data.json: 61 data points
[2026-01-27 02:41:01 UTC] INFO     Data freshness check:
[2026-01-27 02:41:01 UTC] INFO       historical_aa.json                 0.1h
[2026-01-27 02:41:01 UTC] INFO       historical_pm.json                 0.1h
[2026-01-27 02:41:01 UTC] INFO       kp_10y.json                        0.0h
[2026-01-27 02:41:01 UTC] INFO       kp_1y.json                         0.0h
[2026-01-27 02:41:01 UTC] INFO       kp_30d.json                        0.0h
[2026-01-27 02:41:01 UTC] INFO       kp_5y.json                         0.0h
[2026-01-27 02:41:01 UTC] INFO       kp_90d.json                        0.0h
[2026-01-27 02:41:01 UTC] INFO       kp_data.json                       0.1h
[2026-01-27 02:41:01 UTC] INFO       lod_10y.json                       0.0h
[2026-01-27 02:41:01 UTC] INFO       lod_1y.json                        0.0h
[2026-01-27 02:41:01 UTC] INFO       lod_30d.json                       0.0h
[2026-01-27 02:41:01 UTC] INFO       lod_5y.json                        0.0h
[2026-01-27 02:41:01 UTC] INFO       lod_90d.json                       0.0h
[2026-01-27 02:41:01 UTC] INFO       lod_data.json                      0.1h
[2026-01-27 02:41:01 UTC] INFO       mag_10y.json                       0.2h
[2026-01-27 02:41:01 UTC] INFO       mag_1y.json                        0.2h
[2026-01-27 02:41:01 UTC] INFO       mag_30d.json                       0.2h
[2026-01-27 02:41:01 UTC] INFO       mag_5y.json                        0.2h
[2026-01-27 02:41:01 UTC] INFO       mag_90d.json                       0.2h
[2026-01-27 02:41:01 UTC] INFO       mag_data.json                      0.2h
[2026-01-27 02:41:01 UTC] INFO     ======================================================================
[2026-01-27 02:41:01 UTC] INFO     ✓ ECDO Watch Update SUCCESSFUL (231.5s)
[2026-01-27 02:41:01 UTC] INFO     ======================================================================
